// Jest Snapshot v1, https://goo.gl/fbAQLP

exports[`HomeScreen renders 1`] = `
<View
  collapsable={true}
  pointerEvents="box-none"
  style={
    Object {
      "flex": 1,
    }
  }
>
  <View
    accessibilityIgnoresInvertColors={true}
    style={
      Object {
        "flex": 1,
        "height": "100%",
        "width": "100%",
      }
    }
  >
    <Image
      source={
        Object {
          "testUri": "../../../src/assets/images/blueGradientBackground.png",
        }
      }
      style={
        Array [
          Object {
            "bottom": 0,
            "left": 0,
            "position": "absolute",
            "right": 0,
            "top": 0,
          },
          Object {
            "height": "100%",
            "width": "100%",
          },
          undefined,
        ]
      }
    />
    <View
      style={
        Object {
          "bottom": -444.6666666666667,
          "left": -375,
          "position": "absolute",
        }
      }
    >
      <SvgXml
        accessibilityLabel="Checkmark icon"
        accessible={true}
        height={2668}
        width={1500}
        xml="<svg width=\\"850\\" height=\\"850\\" viewBox=\\"0 0 850 850\\" fill=\\"none\\" xmlns=\\"http://www.w3.org/2000/svg\\">
<g opacity=\\"0.2\\">
<circle cx=\\"425\\" cy=\\"425\\" r=\\"85.5\\" stroke=\\"white\\"/>
<circle cx=\\"425\\" cy=\\"425\\" r=\\"149.5\\" stroke=\\"white\\"/>
<circle cx=\\"425\\" cy=\\"425\\" r=\\"217.5\\" stroke=\\"white\\"/>
<circle cx=\\"425\\" cy=\\"425\\" r=\\"283.5\\" stroke=\\"white\\"/>
<circle cx=\\"425\\" cy=\\"425\\" r=\\"352.5\\" stroke=\\"white\\"/>
<circle cx=\\"425\\" cy=\\"425\\" r=\\"424.5\\" stroke=\\"white\\"/>
</g>
<path d=\\"M425 465C447.091 465 465 447.091 465 425C465 402.909 447.091 385 425 385C402.909 385 385 402.909 385 425C385 447.091 402.909 465 425 465Z\\" fill=\\"white\\"/>
<path d=\\"M425 457C442.673 457 457 442.673 457 425C457 407.327 442.673 393 425 393C407.327 393 393 407.327 393 425C393 442.673 407.327 457 425 457Z\\" fill=\\"url(#paint0_linear)\\"/>
<path d=\\"M425 412C417.832 412 412 417.832 412 425C412 432.168 417.832 438 425 438C432.168 438 438 432.168 438 425C438 417.832 432.168 412 425 412ZM425 435.075C419.436 435.075 414.925 430.565 414.925 425C414.925 419.436 419.436 414.925 425 414.925C430.564 414.925 435.075 419.436 435.075 425C435.075 430.565 430.564 435.075 425 435.075Z\\" fill=\\"white\\"/>
<path d=\\"M430.844 419.727C430.219 419.215 429.298 419.305 428.786 419.93L423.15 426.797L421.24 424.334C420.745 423.695 419.826 423.58 419.188 424.074C418.549 424.57 418.433 425.488 418.928 426.127L421.962 430.039C422.234 430.391 422.653 430.599 423.097 430.605C423.104 430.606 423.111 430.606 423.118 430.606C423.556 430.606 423.97 430.409 424.248 430.071L431.046 421.785C431.559 421.161 431.468 420.239 430.844 419.727Z\\" fill=\\"white\\"/>
<defs>
<linearGradient id=\\"paint0_linear\\" x1=\\"425\\" y1=\\"361\\" x2=\\"361\\" y2=\\"425\\" gradientUnits=\\"userSpaceOnUse\\">
<stop stop-color=\\"#6979F8\\"/>
<stop offset=\\"1\\" stop-color=\\"#3A4CD7\\"/>
</linearGradient>
</defs>
</svg>
"
      />
    </View>
    <View
      style={
        Object {
          "flex": 1,
          "padding": 20,
        }
      }
    >
      <View
        style={
          Object {
            "flex": 1,
            "justifyContent": "flex-end",
          }
        }
      >
        <View
          style={
            Object {
              "position": "absolute",
              "top": 444.6666666666667,
              "width": "100%",
            }
          }
        >
          <Text
            style={
              Array [
                Object {
                  "writingDirection": "ltr",
                },
                Object {
                  "color": "#ffffff",
                  "fontFamily": "IBMPlexSans-Bold",
                  "fontSize": 22,
                  "fontWeight": "500",
                  "lineHeight": 24,
                  "textAlign": "center",
                },
              ]
            }
            testID="home-header"
          >
            Exposure Notifications Disabled
          </Text>
          <Text
            style={
              Array [
                Object {
                  "writingDirection": "ltr",
                },
                Object {
                  "color": "#ffffff",
                  "fontFamily": "IBMPlexSans",
                  "fontSize": 15,
                  "lineHeight": 20,
                  "marginTop": 20,
                  "textAlign": "center",
                },
              ]
            }
            testID="home-subheader"
          >
            Enable Exposure Notifications to receive information about possible exposures
          </Text>
        </View>
        <TouchableOpacity
          activeOpacity={0.2}
          style={
            Object {
              "alignItems": "center",
              "backgroundColor": "#ffffff",
              "borderColor": "#ffffff",
              "borderRadius": 8,
              "flexDirection": "row",
              "justifyContent": "center",
              "paddingBottom": 25,
              "paddingTop": 24,
              "width": "100%",
            }
          }
          testID="home-request-permissions-button"
        >
          <Text
            style={
              Array [
                Object {
                  "writingDirection": "ltr",
                },
                Object {
                  "color": "#1f2c9b",
                  "fontSize": 19,
                  "fontWeight": "500",
                },
              ]
            }
          >
            Allow Exposure Notifications
          </Text>
        </TouchableOpacity>
      </View>
    </View>
  </View>
</View>
`;
